src/components/ChatArea.tsx(2,21): error TS6133: 'useNavigate' is declared but its value is never read.
src/components/ChatArea.tsx(3,16): error TS6133: 'User' is declared but its value is never read.
src/components/ChatArea.tsx(3,57): error TS6133: 'MoreVertical' is declared but its value is never read.
src/components/ChatArea.tsx(4,18): error TS6133: 'AnimatePresence' is declared but its value is never read.
src/components/ChatArea.tsx(8,10): error TS1484: 'Message' is a type and must be imported using a type-only import when 'verbatimModuleSyntax' is enabled.
src/components/ChatArea.tsx(8,19): error TS1484: 'Conversation' is a type and must be imported using a type-only import when 'verbatimModuleSyntax' is enabled.
src/components/ChatArea.tsx(15,61): error TS6133: 'setConversations' is declared but its value is never read.
src/components/ChatArea.tsx(120,30): error TS6133: 'idx' is declared but its value is never read.
src/components/ChatList.tsx(3,18): error TS6133: 'User' is declared but its value is never read.
src/components/ChatList.tsx(3,39): error TS6133: 'Clock' is declared but its value is never read.
src/components/ChatList.tsx(4,1): error TS6192: All imports in import declaration are unused.
src/components/ChatList.tsx(5,10): error TS1484: 'Conversation' is a type and must be imported using a type-only import when 'verbatimModuleSyntax' is enabled.
src/components/ProfileView.tsx(2,16): error TS6133: 'Mail' is declared but its value is never read.
src/components/SearchView.tsx(3,49): error TS6133: 'X' is declared but its value is never read.
src/components/SearchView.tsx(6,10): error TS1484: 'User' is a type and must be imported using a type-only import when 'verbatimModuleSyntax' is enabled.
src/components/Sidebar.tsx(3,39): error TS6133: 'Settings' is declared but its value is never read.
src/components/Sidebar.tsx(4,18): error TS6133: 'AnimatePresence' is declared but its value is never read.
src/context/AuthContext.tsx(3,10): error TS1484: 'User' is a type and must be imported using a type-only import when 'verbatimModuleSyntax' is enabled.
src/pages/Dashboard.tsx(2,25): error TS6133: 'useNavigate' is declared but its value is never read.
src/pages/Dashboard.tsx(10,1): error TS6192: All imports in import declaration are unused.
src/pages/Dashboard.tsx(12,10): error TS1484: 'Conversation' is a type and must be imported using a type-only import when 'verbatimModuleSyntax' is enabled.
src/pages/Login.tsx(4,10): error TS6133: 'Mail' is declared but its value is never read.
